// Jest Snapshot v1, https://goo.gl/fbAQLP

exports[`Badge badge should support float number 1`] = `"3.5"`;

exports[`Badge badge should support float number 2`] = `<span class="ant-badge ant-badge-not-a-wrapper"><!----><sup data-show="true" class="ant-scroll-number ant-badge-count ant-badge-multiple-words" title="3.5">3.5</sup><!----></span>`;

exports[`Badge render correct with negative number 1`] = `
<div><span class="ant-badge ant-badge-not-a-wrapper"><!----><sup data-show="true" class="ant-scroll-number ant-badge-count ant-badge-multiple-words" title="-10"><span class="ant-scroll-number-only" style="transition: none;"><p class="ant-scroll-number-only-unit current">-</p></span><span class="ant-scroll-number-only" style="transition: none;"><p class="ant-scroll-number-only-unit current">1</p></span><span class="ant-scroll-number-only" style="transition: none;"><p class="ant-scroll-number-only-unit current">0</p></span></sup>
  <!----></span><span class="ant-badge ant-badge-not-a-wrapper"><!----><sup data-show="true" class="ant-scroll-number ant-badge-count ant-badge-multiple-words" title="-10"><span class="ant-scroll-number-only" style="transition: none;"><p class="ant-scroll-number-only-unit current">-</p></span><span class="ant-scroll-number-only" style="transition: none;"><p class="ant-scroll-number-only-unit current">1</p></span><span class="ant-scroll-number-only" style="transition: none;"><p class="ant-scroll-number-only-unit current">0</p></span></sup>
  <!----></span>
</div>
`;

exports[`Badge should be compatible with borderColor style 1`] = `
<span style="background-color: rgb(255, 255, 255); color: rgb(153, 153, 153); border-color: #d9d9d9;" class="ant-badge ant-badge-not-a-wrapper"><!----><sup style="background-color: rgb(255, 255, 255); color: rgb(153, 153, 153); border-color: #d9d9d9; box-shadow: 0 0 0 1px #d9d9d9 inset;" data-show="true" class="ant-scroll-number ant-badge-count" title="4"><span class="ant-scroll-number-only" style="transition: none;"><p class="ant-scroll-number-only-unit current">4</p></span></sup>
<!----></span>
`;

exports[`Badge should render when count is changed 1`] = `
<span class="ant-badge ant-badge-not-a-wrapper"><!----><sup data-show="true" class="ant-scroll-number ant-badge-count ant-badge-multiple-words" title="10"><span class="ant-scroll-number-only" style="transition: none;"><p class="ant-scroll-number-only-unit current">1</p></span><span class="ant-scroll-number-only" style="transform: translateY(-100%);"><p class="ant-scroll-number-only-unit" style="position: absolute; top: -900%; left: 0px;">0</p><p style="position: absolute; top: -800%; left: 0px;" class="ant-scroll-number-only-unit">1</p><p style="position: absolute; top: -700%; left: 0px;" class="ant-scroll-number-only-unit">2</p><p style="position: absolute; top: -600%; left: 0px;" class="ant-scroll-number-only-unit">3</p><p style="position: absolute; top: -500%; left: 0px;" class="ant-scroll-number-only-unit">4</p><p style="position: absolute; top: -400%; left: 0px;" class="ant-scroll-number-only-unit">5</p><p style="position: absolute; top: -300%; left: 0px;" class="ant-scroll-number-only-unit">6</p><p style="position: absolute; top: -200%; left: 0px;" class="ant-scroll-number-only-unit">7</p><p style="position: absolute; top: -100%; left: 0px;" class="ant-scroll-number-only-unit">8</p><p class="ant-scroll-number-only-unit current">9</p><p style="position: absolute; top: 100%; left: 0px;" class="ant-scroll-number-only-unit">0</p></span></sup>
<!----></span>
`;

exports[`Badge should render when count is changed 2`] = `
<span class="ant-badge ant-badge-not-a-wrapper"><!----><sup data-show="true" class="ant-scroll-number ant-badge-count ant-badge-multiple-words" title="11"><span class="ant-scroll-number-only" style="transition: none;"><p class="ant-scroll-number-only-unit current">1</p></span><span class="ant-scroll-number-only" style="transform: translateY(-200%);"><p class="ant-scroll-number-only-unit" style="position: absolute; top: -800%; left: 0px;">1</p><p style="position: absolute; top: -700%; left: 0px;" class="ant-scroll-number-only-unit">2</p><p style="position: absolute; top: -600%; left: 0px;" class="ant-scroll-number-only-unit">3</p><p style="position: absolute; top: -500%; left: 0px;" class="ant-scroll-number-only-unit">4</p><p style="position: absolute; top: -400%; left: 0px;" class="ant-scroll-number-only-unit">5</p><p style="position: absolute; top: -300%; left: 0px;" class="ant-scroll-number-only-unit">6</p><p style="position: absolute; top: -200%; left: 0px;" class="ant-scroll-number-only-unit">7</p><p style="position: absolute; top: -100%; left: 0px;" class="ant-scroll-number-only-unit">8</p><p class="ant-scroll-number-only-unit current">9</p><p class="ant-scroll-number-only-unit" style="position: absolute; top: 100%; left: 0px;">0</p><p style="position: absolute; top: 200%; left: 0px;" class="ant-scroll-number-only-unit">1</p></span></sup>
<!----></span>
`;

exports[`Badge should render when count is changed 3`] = `
<span class="ant-badge ant-badge-not-a-wrapper"><!----><sup data-show="true" class="ant-scroll-number ant-badge-count ant-badge-multiple-words" title="11"><span class="ant-scroll-number-only" style="transition: none;"><p class="ant-scroll-number-only-unit current">1</p></span><span class="ant-scroll-number-only" style="transform: translateY(-200%);"><p class="ant-scroll-number-only-unit" style="position: absolute; top: -800%; left: 0px;">1</p><p style="position: absolute; top: -700%; left: 0px;" class="ant-scroll-number-only-unit">2</p><p style="position: absolute; top: -600%; left: 0px;" class="ant-scroll-number-only-unit">3</p><p style="position: absolute; top: -500%; left: 0px;" class="ant-scroll-number-only-unit">4</p><p style="position: absolute; top: -400%; left: 0px;" class="ant-scroll-number-only-unit">5</p><p style="position: absolute; top: -300%; left: 0px;" class="ant-scroll-number-only-unit">6</p><p style="position: absolute; top: -200%; left: 0px;" class="ant-scroll-number-only-unit">7</p><p style="position: absolute; top: -100%; left: 0px;" class="ant-scroll-number-only-unit">8</p><p class="ant-scroll-number-only-unit current">9</p><p class="ant-scroll-number-only-unit" style="position: absolute; top: 100%; left: 0px;">0</p><p style="position: absolute; top: 200%; left: 0px;" class="ant-scroll-number-only-unit">1</p></span></sup>
<!----></span>
`;

exports[`Badge should render when count is changed 4`] = `
<span class="ant-badge ant-badge-not-a-wrapper"><!----><sup data-show="true" class="ant-scroll-number ant-badge-count ant-badge-multiple-words" title="10"><span class="ant-scroll-number-only" style="transition: none;"><p class="ant-scroll-number-only-unit current">1</p></span><span class="ant-scroll-number-only" style="transform: translateY(-100%);"><p class="ant-scroll-number-only-unit" style="position: absolute; top: -900%; left: 0px;">0</p><p style="position: absolute; top: -800%; left: 0px;" class="ant-scroll-number-only-unit">1</p><p style="position: absolute; top: -700%; left: 0px;" class="ant-scroll-number-only-unit">2</p><p style="position: absolute; top: -600%; left: 0px;" class="ant-scroll-number-only-unit">3</p><p style="position: absolute; top: -500%; left: 0px;" class="ant-scroll-number-only-unit">4</p><p style="position: absolute; top: -400%; left: 0px;" class="ant-scroll-number-only-unit">5</p><p style="position: absolute; top: -300%; left: 0px;" class="ant-scroll-number-only-unit">6</p><p style="position: absolute; top: -200%; left: 0px;" class="ant-scroll-number-only-unit">7</p><p class="ant-scroll-number-only-unit" style="position: absolute; top: -100%; left: 0px;">8</p><p class="ant-scroll-number-only-unit current">9</p><p style="position: absolute; top: 100%; left: 0px;" class="ant-scroll-number-only-unit">0</p></span></sup>
<!----></span>
`;

exports[`Badge should render when count is changed 5`] = `
<span class="ant-badge ant-badge-not-a-wrapper"><!----><sup data-show="true" class="ant-scroll-number ant-badge-count" title="9"><span class="ant-scroll-number-only" style="transition: none;"><p class="ant-scroll-number-only-unit current">9</p></span></sup>
<!----></span>
`;

exports[`Badge should support offset when count is a VueNode 1`] = `
<span class="ant-badge"><a href="#" class="head-example">head</a><span class="custom ant-scroll-number-custom-component" style="color: rgb(245, 34, 45); margin-top: 20px; right: -10px;"></span>
<!----></span>
`;

exports[`Badge text works with vnode 1`] = `<span class="ant-badge ant-badge-status ant-badge-not-a-wrapper"><span class="ant-badge-status-dot ant-badge-status-success"></span><span class="ant-badge-status-text"><span>hello</span></span></span>`;
