// Jest Snapshot v1, https://goo.gl/fbAQLP

exports[`Popover should show overlay when trigger is clicked 1`] = `
<div class="ant-popover-content">
  <div class="ant-popover-arrow"><span class="ant-popover-arrow-content"></span></div>
  <div class="ant-popover-inner" role="tooltip">
    <div class="ant-popover-title">code</div>
    <div class="ant-popover-inner-content">console.log('hello world')</div>
  </div>
</div>
`;

exports[`Popover should show overlay when trigger is clicked 2`] = `
<div class="ant-popover-content">
  <div class="ant-popover-arrow"><span class="ant-popover-arrow-content"></span></div>
  <div class="ant-popover-inner" role="tooltip">
    <div class="ant-popover-title">code</div>
    <div class="ant-popover-inner-content">console.log('hello world')</div>
  </div>
</div>
`;
