// Jest Snapshot v1, https://goo.gl/fbAQLP

exports[`Collapse should support remove expandIcon 1`] = `
<div class="ant-collapse ant-collapse-icon-position-left">
  <div class="ant-collapse-item">
    <div class="ant-collapse-header" role="button" tabindex="0" aria-expanded="false">
      <div>
        <!---->
      </div>header
      <!---->
    </div>
    <!---->
  </div>
</div>
`;
